// Jest Snapshot v1, https://goo.gl/fbAQLP

exports[`Menu Renders Menu as snapshot 1`] = `
[
  <div
    className="grid1"
  >
    <section
      className="logo"
    >
      <img
        alt="OnePage"
        data-nimg="1"
        decoding="async"
        fetchpriority="high"
        height={90}
        onError={[Function]}
        onLoad={[Function]}
        src="/_next/image?url=%2Fonepage.png&w=256&q=75"
        srcSet="/_next/image?url=%2Fonepage.png&w=96&q=75 1x, /_next/image?url=%2Fonepage.png&w=256&q=75 2x"
        style={
          {
            "color": "transparent",
          }
        }
        width={90}
      />
    </section>
    <ul
      className="menu"
    >
      <li
        className="menuItem"
      >
        <a
          href="#"
          onClick={[Function]}
        >
          Common
        </a>
      </li>
      <li
        className="menuItemSelected"
      >
        <a
          className=""
          href="#"
        >
          News
        </a>
      </li>
    </ul>
    <ul
      className="menuBottom"
    >
      <li
        className="menuItemBottom"
      >
        <a
          href="#"
          onClick={[Function]}
        >
          About
        </a>
      </li>
      <li
        className="menuItemBottom"
      >
        <a
          href="#"
          onClick={[Function]}
        >
          Edit
        </a>
      </li>
      <li
        className="menuItemBottom"
      >
        <a
          href="#"
          onClick={[Function]}
        >
          Config
        </a>
      </li>
      <li
        className="menuItemBottom"
      >
        <a
          href="https://www.buymeacoffee.com/lilogia"
          target="_blank"
        >
          Buy me a coffee
        </a>
      </li>
    </ul>
  </div>,
  <div
    className="grid1m"
  >
    <section
      className="logo"
    >
      <img
        alt="OnePage"
        data-nimg="1"
        decoding="async"
        fetchpriority="high"
        height={90}
        onError={[Function]}
        onLoad={[Function]}
        src="/_next/image?url=%2Fonepage.png&w=256&q=75"
        srcSet="/_next/image?url=%2Fonepage.png&w=96&q=75 1x, /_next/image?url=%2Fonepage.png&w=256&q=75 2x"
        style={
          {
            "color": "transparent",
          }
        }
        width={90}
      />
    </section>
    <ul
      className="menuTitle"
    >
      <li>
        <a
          href="#"
          onClick={[Function]}
        >
          Categories
        </a>
      </li>
    </ul>
  </div>,
  <div
    className="grid1m_sub_none"
    id="MenuID"
  >
    <ul
      className="menu"
    >
      <li
        className="menuItem"
      >
        <a
          href="#"
          onClick={[Function]}
        >
          Common
        </a>
      </li>
      <li
        className="menuItemSelected"
      >
        <a
          className="menuItemSelected"
          href="#"
        >
          News
        </a>
      </li>
    </ul>
    <ul
      className="menuBottom"
    >
      <li
        className="menuItemBottom"
      >
        <a
          href="#"
          onClick={[Function]}
        >
          About
        </a>
      </li>
      <li
        className="menuItemBottom"
      >
        <a
          href="#"
          onClick={[Function]}
        >
          Edit
        </a>
      </li>
      <li
        className="menuItemBottom"
      >
        <a
          href="#"
          onClick={[Function]}
        >
          Config
        </a>
      </li>
      <li
        className="menuItemBottom"
      >
        <a
          href="https://www.buymeacoffee.com/lilogia"
          target="_blank"
        >
          Buy me a coffee
        </a>
      </li>
    </ul>
  </div>,
]
`;
